// Jest Snapshot v1, https://goo.gl/fbAQLP

exports[`renders the UI as expected 1`] = `
<section
  className="List"
>
  <header
    className="List-header"
  >
    <h2>
      participant list component
    </h2>
  </header>
  <div
    className="participant-list"
  >
    <div>
      <div
        className="participant"
        id={1}
      >
        <img
          alt="avatar"
          src="https://robohash.org/itaquevoluptatumrerum.jpg?size=200x200&set=set1"
        />
        <h3>
          Koren Templeton
        </h3>
        <p>
          on stage
        </p>
      </div>
      
      
      
      <div
        className="participant"
        id={5}
      >
        <img
          alt="avatar"
          src="https://robohash.org/iustodoloremqueinventore.jpg?size=200x200&set=set1"
        />
        <h3>
          Ashla Attwool
        </h3>
        <p>
          on stage
        </p>
      </div>
    </div>
    <div>
      
      <div
        className="participant"
        id={2}
      >
        <img
          alt="avatar"
          src="https://robohash.org/doloredolorescupiditate.jpg?size=200x200&set=set1"
        />
        <h3>
          Caty Flucker
        </h3>
        <p>
          in session
        </p>
      </div>
      
      <div
        className="participant"
        id={4}
      >
        <img
          alt="avatar"
          src="https://robohash.org/etexercitationemassumenda.jpg?size=200x200&set=set1"
        />
        <h3>
          Frank Runciman
        </h3>
        <p>
          in session
        </p>
      </div>
      
    </div>
    <div>
      
      
      <div
        className="participant"
        id={3}
      >
        <img
          alt="avatar"
          src="https://robohash.org/utlaborumfugit.jpg?size=200x200&set=set1"
        />
        <h3>
          Axe Kubicka
        </h3>
        <p>
          Left session
        </p>
      </div>
      
      
    </div>
  </div>
</section>
`;

exports[`renders the UI as expected with no unreads 1`] = `
<section
  className="List"
>
  <header
    className="List-header"
  >
    <h2>
      participant list component
    </h2>
  </header>
  <div
    className="participant-list"
  >
    <div>
      <div
        className="participant"
        id={1}
      >
        <img
          alt="avatar"
          src="https://robohash.org/itaquevoluptatumrerum.jpg?size=200x200&set=set1"
        />
        <h3>
          Koren Templeton
        </h3>
        <p>
          on stage
        </p>
      </div>
      
      
      
      <div
        className="participant"
        id={5}
      >
        <img
          alt="avatar"
          src="https://robohash.org/iustodoloremqueinventore.jpg?size=200x200&set=set1"
        />
        <h3>
          Ashla Attwool
        </h3>
        <p>
          on stage
        </p>
      </div>
    </div>
    <div>
      
      <div
        className="participant"
        id={2}
      >
        <img
          alt="avatar"
          src="https://robohash.org/doloredolorescupiditate.jpg?size=200x200&set=set1"
        />
        <h3>
          Caty Flucker
        </h3>
        <p>
          in session
        </p>
      </div>
      
      <div
        className="participant"
        id={4}
      >
        <img
          alt="avatar"
          src="https://robohash.org/etexercitationemassumenda.jpg?size=200x200&set=set1"
        />
        <h3>
          Frank Runciman
        </h3>
        <p>
          in session
        </p>
      </div>
      
    </div>
    <div>
      
      
      <div
        className="participant"
        id={3}
      >
        <img
          alt="avatar"
          src="https://robohash.org/utlaborumfugit.jpg?size=200x200&set=set1"
        />
        <h3>
          Axe Kubicka
        </h3>
        <p>
          Left session
        </p>
      </div>
      
      
    </div>
  </div>
</section>
`;
