// Jest Snapshot v1, https://goo.gl/fbAQLP

exports[`renders the UI as expected 1`] = `
<section
  className="stage"
>
  <div
    className="actor"
    id={1}
  >
    <img
      alt="avatar"
      src="https://robohash.org/itaquevoluptatumrerum.jpg?size=200x200&set=set1"
    />
    <h3>
      Koren Templeton
    </h3>
    <p>
      actor
    </p>
  </div>
  
  
  
  <div
    className="actor"
    id={5}
  >
    <img
      alt="avatar"
      src="https://robohash.org/iustodoloremqueinventore.jpg?size=200x200&set=set1"
    />
    <h3>
      Ashla Attwool
    </h3>
    <p>
      actor
    </p>
  </div>
  <div
    className="user"
    id="user"
  >
    <img
      alt="avatar"
    />
    <h3>
      test User
    </h3>
    <p>
      this is user
    </p>
  </div>
</section>
`;

exports[`renders the UI as expected with no unreads 1`] = `
<section
  className="stage"
>
  <div
    className="actor"
    id={1}
  >
    <img
      alt="avatar"
      src="https://robohash.org/itaquevoluptatumrerum.jpg?size=200x200&set=set1"
    />
    <h3>
      Koren Templeton
    </h3>
    <p>
      actor
    </p>
  </div>
  
  
  
  <div
    className="actor"
    id={5}
  >
    <img
      alt="avatar"
      src="https://robohash.org/iustodoloremqueinventore.jpg?size=200x200&set=set1"
    />
    <h3>
      Ashla Attwool
    </h3>
    <p>
      actor
    </p>
  </div>
  <div
    className="user"
    id="user"
  >
    <img
      alt="avatar"
    />
    <h3>
      test User
    </h3>
    <p>
      this is user
    </p>
  </div>
</section>
`;
